
> ems-frontend@0.1.0 build
> next build

▲ Next.js 16.2.6 (Turbopack)
- Environments: .env.local, .env

  Creating an optimized production build ...
✓ Compiled successfully in 86s
  Running TypeScript ...
  Finished TypeScript in 96s ...
  Collecting page data using 7 workers ...
  Generating static pages using 7 workers (0/35) ...
  Generating static pages using 7 workers (8/35) 
  Generating static pages using 7 workers (17/35) 
  Generating static pages using 7 workers (26/35) 
✓ Generating static pages using 7 workers (35/35) in 8.3s
  Finalizing page optimization ...

Route (app)
┌ ○ /
├ ○ /_not-found
├ ○ /analytics
├ ○ /announcements
├ ƒ /api/announcements
├ ƒ /api/announcements/[id]
├ ƒ /api/attendance
├ ƒ /api/attendance/[id]
├ ƒ /api/attendance/leave-balance
├ ƒ /api/dashboard/stats
├ ƒ /api/ems-profile
├ ƒ /api/meetings
├ ƒ /api/payroll
├ ƒ /api/payroll/[id]
├ ƒ /api/payroll/salary-config
├ ƒ /api/performance
├ ƒ /api/tasks
├ ƒ /api/tasks/[id]
├ ƒ /api/tasks/my-tasks
├ ƒ /api/teams
├ ƒ /api/teams/[id]
├ ƒ /api/tracking
├ ƒ /api/tracking/[id]
├ ƒ /api/users
├ ƒ /api/users/[ssoUserId]
├ ƒ /api/users/me
├ ○ /attendance
├ ○ /auth/callback
├ ○ /calendar
├ ○ /dashboard
├ ○ /meetings
├ ○ /offline
├ ○ /org-chart
├ ○ /payroll
├ ○ /performance
├ ○ /settings
├ ○ /tasks
├ ○ /teams
├ ○ /tracking
└ ○ /users


ƒ Proxy (Middleware)

○  (Static)   prerendered as static content
ƒ  (Dynamic)  server-rendered on demand

